// Jest Snapshot v1, https://goo.gl/fbAQLP

exports[`App component renders App 1`] = `
<DocumentFragment>
  <button
    data-testid="undo"
  >
    undo
  </button>
  <button
    data-testid="redo"
  >
    redo
  </button>
  <input
    data-testid="input"
    type="color"
    value="#FF0000"
  />
  <div
    role="colordiv"
    style="background-color: rgb(255, 0, 0); width: 10rem; height: 10rem;"
  />
</DocumentFragment>
`;
